(54 ,1.0)
COLD: 
	 org.apache.ftpserver.gui.RootPanel|org.apache.ftpserver.FtpServer|void org.apache.ftpserver.FtpServer.start()
HOT: 
	 org.apache.ftpserver.gui.RootPanel|org.apache.ftpserver.FtpServer|IFtpConfig org.apache.ftpserver.FtpServer.getFtpConfig()
	 org.apache.ftpserver.gui.IPRestrictorPanel|org.apache.ftpserver.FtpConfigImpl|IIpRestrictor org.apache.ftpserver.FtpConfigImpl.getIpRestrictor()
	 org.apache.ftpserver.gui.FtpConnectionTableModel|org.apache.ftpserver.ConnectionManagerImpl|List org.apache.ftpserver.ConnectionManagerImpl.getAllConnections()
	 org.apache.ftpserver.gui.LoggerPanel|org.apache.ftpserver.FtpLogFactory|void org.apache.ftpserver.FtpLogFactory.addLog(Log)
	 org.apache.ftpserver.FtpServer|org.apache.ftpserver.ConnectionManagerImpl|void org.apache.ftpserver.ConnectionManagerImpl.newConnection(IConnection)
	 org.apache.ftpserver.RequestHandler|org.apache.ftpserver.FtpStatisticsImpl|void org.apache.ftpserver.FtpStatisticsImpl.setOpenConnection(IConnection)
	 org.apache.ftpserver.RequestHandler|org.apache.ftpserver.FtpletContainer|FtpletEnum org.apache.ftpserver.FtpletContainer.onConnect(FtpRequest, FtpResponse)
	 org.apache.ftpserver.RequestHandler|org.apache.ftpserver.FtpConfigImpl|IIpRestrictor org.apache.ftpserver.FtpConfigImpl.getIpRestrictor()
	 org.apache.ftpserver.command.PASS|org.apache.ftpserver.FtpletContainer|FtpletEnum org.apache.ftpserver.FtpletContainer.onLogin(FtpRequest, FtpResponse)
	 org.apache.ftpserver.command.PASS|org.apache.ftpserver.FtpRequestImpl|void org.apache.ftpserver.FtpRequestImpl.setUser(User)
	 org.apache.ftpserver.command.PASS|org.apache.ftpserver.FtpRequestImpl|void org.apache.ftpserver.FtpRequestImpl.setLogin(FileSystemView)
	 org.apache.ftpserver.command.QUIT|org.apache.ftpserver.ConnectionManagerImpl|void org.apache.ftpserver.ConnectionManagerImpl.closeConnection(IConnection)
	 org.apache.ftpserver.RequestHandler|org.apache.ftpserver.FtpletContainer|FtpletEnum org.apache.ftpserver.FtpletContainer.onDisconnect(FtpRequest, FtpResponse)
	 org.apache.ftpserver.RequestHandler|org.apache.ftpserver.FtpRequestImpl|void org.apache.ftpserver.FtpRequestImpl.setLogout()
	 org.apache.ftpserver.RequestHandler|org.apache.ftpserver.FtpStatisticsImpl|void org.apache.ftpserver.FtpStatisticsImpl.setLogout(IConnection)
	 org.apache.ftpserver.RequestHandler|org.apache.ftpserver.FtpStatisticsImpl|void org.apache.ftpserver.FtpStatisticsImpl.setCloseConnection(IConnection)
	 org.apache.ftpserver.gui.RootPanel|org.apache.ftpserver.FtpServer|void org.apache.ftpserver.FtpServer.stop()
	 org.apache.ftpserver.FtpServer|org.apache.ftpserver.FtpConfigImpl|void org.apache.ftpserver.FtpConfigImpl.dispose()
	 org.apache.ftpserver.FtpConfigImpl|org.apache.ftpserver.ConnectionManagerImpl|void org.apache.ftpserver.ConnectionManagerImpl.dispose()
	 org.apache.ftpserver.FtpConfigImpl|org.apache.ftpserver.DataConnectionConfig|void org.apache.ftpserver.DataConnectionConfig.dispose()
	 org.apache.ftpserver.FtpConfigImpl|org.apache.ftpserver.FtpletContainer|void org.apache.ftpserver.FtpletContainer.destroy()
	 org.apache.ftpserver.FtpConfigImpl|org.apache.ftpserver.FtpStatisticsImpl|void org.apache.ftpserver.FtpStatisticsImpl.dispose()
	 org.apache.ftpserver.FtpConfigImpl|org.apache.ftpserver.FtpLogFactory|void org.apache.ftpserver.FtpLogFactory.release()

